 Fermi distribution function

Calculation with static geometry


********************************************************************************
 iSCC Total electronic   Diff electronic      SCC error    
   88   -0.33554958E+01   -0.31884693E-07    0.11352275E-06
********************************************************************************

 Total charge:    -0.00000000

 Atomic gross charges (e)
 Atom           Charge
    1      -0.48336965
    2       0.03575828
    3       0.22380553
    4       0.22380583

Nr. of electrons (up):      8.00000000
Atom populations (up)
 Atom       Population
    1       5.48336965
    2       0.96424172
    3       0.77619447
    4       0.77619417

l-shell populations (up)
 Atom Sh.   l       Population
    1   1   0       1.65733979
    1   2   1       3.82602986
    2   1   0       0.96424172
    2   2   1       0.00000000
    3   1   0       0.77619447
    3   2   1       0.00000000
    4   1   0       0.77619417
    4   2   1       0.00000000

Orbital populations (up)
 Atom Sh.   l   m       Population  Label
    1   1   0   0       1.65733979  s
    1   2   1  -1       1.21678996  p_y
    1   2   1   0       1.46556336  p_z
    1   2   1   1       1.14367654  p_x
    2   1   0   0       0.96424172  s
    2   2   1  -1       0.00000000  p_y
    2   2   1   0       0.00000000  p_z
    2   2   1   1       0.00000000  p_x
    3   1   0   0       0.77619447  s
    3   2   1  -1       0.00000000  p_y
    3   2   1   0       0.00000000  p_z
    3   2   1   1       0.00000000  p_x
    4   1   0   0       0.77619417  s
    4   2   1  -1       0.00000000  p_y
    4   2   1   0       0.00000000  p_z
    4   2   1   1       0.00000000  p_x

Fermi level:                        -0.2370222488 H           -6.4497 eV
Band energy:                        -3.2187242078 H          -87.5859 eV
TS:                                  0.0000000000 H            0.0000 eV
Band free energy (E-TS):            -3.2187242078 H          -87.5859 eV
Extrapolated E(0K):                 -3.2187242078 H          -87.5859 eV
Input / Output electrons (q):      8.0000000000      8.0000000000

Energy H0:                          -3.3599884076 H          -91.4299 eV
Energy SCC:                          0.0056352830 H            0.1533 eV
Energy 3rd:                         -0.0011426808 H           -0.0311 eV
Total Electronic energy:            -3.3554958054 H          -91.3077 eV
Repulsive energy:                    0.0590974170 H            1.6081 eV
Total energy:                       -3.2963983884 H          -89.6996 eV
Extrapolated to 0:                  -3.2963983884 H          -89.6996 eV
Total Mermin free energy:           -3.2963983884 H          -89.6996 eV
Force related energy:               -3.2963983884 H          -89.6996 eV

SCC converged

Total Forces
    1      0.016567056203      0.002817951422      0.005634574270
    2     -0.018803818530     -0.000002880649     -0.000006015442
    3      0.001118562874     -0.005291070259     -0.000870711110
    4      0.001118199454      0.002475999486     -0.004757847718

Maximal derivative component:        0.188038E-01 au

Dipole moment:   -0.06792979   -0.20495079   -0.40960550 au
Dipole moment:   -0.17266032   -0.52093298   -1.04111341 Debye


