
     Program PWSCF v.5.4.0 starts on 22Sep2019 at 18: 5:43 

     This program is part of the open-source Quantum ESPRESSO suite
     for quantum simulation of materials; please cite
         "P. Giannozzi et al., J. Phys.:Condens. Matter 21 395502 (2009);
          URL http://www.quantum-espresso.org", 
     in publications or presentations arising from this work. More details at
     http://www.quantum-espresso.org/quote

           HOST :    @host@
           ARCH :    
             CC :    cc
            CPP :    cpp
            F90 :    mpif90
            F77 :    gfortran
         DFLAGS :    -D__GFORTRAN -D__STD_F95 -D__FFTW3 -D__MPI -D__PARA
      BLAS LIBS :    -lopenblas
    LAPACK LIBS :    -lopenblas
       FFT LIBS :    -lfftw3
      MASS LIBS :    

     Parallel version (MPI), running on    28 processors
     R & G space division:  proc/nbgrp/npool/nimage =      28
     Waiting for input...
     Reading input from standard input
Warning: card &IONS ignored
Warning: card / ignored
Warning: card &CELL ignored
Warning: card / ignored

     Current dimensions of program PWSCF are:
     Max number of different atomic species (ntypx) = 10
     Max number of k-points (npk) =  40000
     Max angular momentum in pseudopotentials (lmaxx) =  3

     IMPORTANT: XC functional enforced from input :
     Exchange-correlation      = PBE ( 1  4  3  4 0 0)
     Any further DFT definition will be discarded
     Please, verify this is what you really want


     gamma-point specific algorithms are used

     Subspace diagonalization in iterative solution of the eigenvalue problem:
     a serial algorithm will be used


     Parallelization info
     --------------------
     sticks:   dense  smooth     PW     G-vecs:    dense   smooth      PW
     Min         445     445    110                37558    37558    4694
     Max         448     448    112                37564    37564    4708
     Sum       12517   12517   3125              1051747  1051747  131683
     Tot        6259    6259   1563



     bravais-lattice index     =            1
     lattice parameter (alat)  =      18.8973  a.u.
     unit-cell volume          =    6748.3346 (a.u.)^3
     number of atoms/cell      =            5
     number of atomic types    =            2
     number of electrons       =         8.00
     number of Kohn-Sham states=            4
     kinetic-energy cutoff     =     110.0000  Ry
     charge density cutoff     =     440.0000  Ry
     convergence threshold     =      1.0E-06
     mixing beta               =       0.5000
     number of iterations used =            8  plain     mixing
     Exchange-correlation      = PBE ( 1  4  3  4 0 0)

     celldm(1)=  18.897261  celldm(2)=   0.000000  celldm(3)=   0.000000
     celldm(4)=   0.000000  celldm(5)=   0.000000  celldm(6)=   0.000000

     crystal axes: (cart. coord. in units of alat)
               a(1) = (   1.000000   0.000000   0.000000 )  
               a(2) = (   0.000000   1.000000   0.000000 )  
               a(3) = (   0.000000   0.000000   1.000000 )  

     reciprocal axes: (cart. coord. in units 2 pi/alat)
               b(1) = (  1.000000  0.000000  0.000000 )  
               b(2) = (  0.000000  1.000000  0.000000 )  
               b(3) = (  0.000000  0.000000  1.000000 )  


     PseudoPot. # 1 for  H read from file:
     ../pseudo/H.tm.pbe.UPF
     MD5 check sum: 4b614d66af87240b7a5107bfa527a767
     Pseudo is Norm-conserving, Zval =  1.0
     Generated using "atomic" code by A. Dal Corso  v.5.2.0
     Using radial grid of  929 points,  0 beta functions with: 

     PseudoPot. # 2 for  C read from file:
     ../pseudo/C.tm.pbe.UPF
     MD5 check sum: a4f27fcb9b24331b00ace8e732a7e062
     Pseudo is Norm-conserving, Zval =  4.0
     Generated using "atomic" code by A. Dal Corso  v.5.2.0
     Using radial grid of 1073 points,  1 beta functions with: 
                l(1) =   1

     atomic species   valence    mass     pseudopotential
        H              1.00     1.00000      H( 1.00)
        C              4.00     1.00000      C( 1.00)

     No symmetry found



   Cartesian axes

     site n.     atom                  positions (alat units)
         1           H   tau(   1) = (   0.5416460   0.4011320   0.3511180  )
         2           H   tau(   2) = (   0.4131610   0.4706770   0.4431160  )
         3           H   tau(   3) = (   0.5630960   0.5521670   0.4450380  )
         4           H   tau(   4) = (   0.5499880   0.4003410   0.5342650  )
         5           C   tau(   5) = (   0.5192710   0.4557750   0.4436870  )

     number of k points=     1
                       cart. coord. in units 2pi/alat
        k(    1) = (   0.0000000   0.0000000   0.0000000), wk =   2.0000000

     Dense  grid:   525874 G-vectors     FFT dimensions: ( 128, 128, 128)

     Largest allocated arrays     est. size (Mb)     dimensions
        Kohn-Sham Wavefunctions         0.14 Mb     (    2354,    4)
        NL pseudopotentials             0.11 Mb     (    2354,    3)
        Each V/rho on FFT grid          1.25 Mb     (   81920)
        Each G-vector array             0.14 Mb     (   18782)
        G-vector shells                 0.02 Mb     (    2785)
     Largest temporary arrays     est. size (Mb)     dimensions
        Auxiliary wavefunctions         0.29 Mb     (    2354,   16)
        Each subspace H/S matrix        0.00 Mb     (      16,   16)
        Each <psi_i|beta_j> matrix      0.00 Mb     (       3,    4)
        Arrays for rho mixing          10.00 Mb     (   81920,    8)

     Initial potential from superposition of free atoms
     Check: negative starting charge=   -0.000384

     starting charge    7.99992, renormalised to    8.00000

     negative rho (up, down):  3.837E-04 0.000E+00
     Starting wfc are    8 randomized atomic wfcs

     total cpu time spent up to now is        2.9 secs

     per-process dynamical memory:   430.8 Mb

     Self-consistent Calculation

     iteration #  1     ecut=   110.00 Ry     beta=0.50
     Davidson diagonalization with overlap
     ethr =  1.00E-02,  avg # of iterations =  2.0

     negative rho (up, down):  1.807E-04 0.000E+00

     total cpu time spent up to now is        3.5 secs

     total energy              =     -16.01273774 Ry
     Harris-Foulkes estimate   =     -16.42151922 Ry
     estimated scf accuracy    <       0.72535764 Ry

!    total energy              =   -2521.75903765 Ry
     Harris-Foulkes estimate   =   -2521.75903766 Ry
     estimated scf accuracy    <          7.3E-09 Ry

     iteration #  2     ecut=   110.00 Ry     beta=0.50
     Davidson diagonalization with overlap
     ethr =  9.07E-03,  avg # of iterations =  2.0

     negative rho (up, down):  9.384E-05 0.000E+00

     total cpu time spent up to now is        3.9 secs

     total energy              =     -16.15068779 Ry
     Harris-Foulkes estimate   =     -16.16925560 Ry
     estimated scf accuracy    <       0.04881001 Ry

!    total energy              =   -2521.70014874 Ry
     Harris-Foulkes estimate   =   -2521.70014874 Ry
     estimated scf accuracy    <          4.5E-09 Ry

     iteration #  3     ecut=   110.00 Ry     beta=0.50
     Davidson diagonalization with overlap
     ethr =  6.10E-04,  avg # of iterations =  1.0

     negative rho (up, down):  4.360E-06 0.000E+00

     total cpu time spent up to now is        4.4 secs

     total energy              =     -16.14866820 Ry
     Harris-Foulkes estimate   =     -16.15409078 Ry
     estimated scf accuracy    <       0.01137304 Ry

     iteration #  4     ecut=   110.00 Ry     beta=0.50
     Davidson diagonalization with overlap
     ethr =  1.42E-04,  avg # of iterations =  2.0

     negative rho (up, down):  5.650E-06 0.000E+00

     total cpu time spent up to now is        4.9 secs

     total energy              =     -16.15043619 Ry
     Harris-Foulkes estimate   =     -16.15247936 Ry
     estimated scf accuracy    <       0.00455672 Ry

     iteration #  5     ecut=   110.00 Ry     beta=0.50
     Davidson diagonalization with overlap
     ethr =  5.70E-05,  avg # of iterations =  2.0

     negative rho (up, down):  2.279E-06 0.000E+00

     total cpu time spent up to now is        5.4 secs

     total energy              =     -16.15078477 Ry
     Harris-Foulkes estimate   =     -16.15088126 Ry
     estimated scf accuracy    <       0.00021014 Ry

     iteration #  6     ecut=   110.00 Ry     beta=0.50
     Davidson diagonalization with overlap
     ethr =  2.63E-06,  avg # of iterations =  3.0

     total cpu time spent up to now is        5.9 secs

     total energy              =     -16.15091068 Ry
     Harris-Foulkes estimate   =     -16.15090920 Ry
     estimated scf accuracy    <       0.00001612 Ry

     iteration #  7     ecut=   110.00 Ry     beta=0.50
     Davidson diagonalization with overlap
     ethr =  2.01E-07,  avg # of iterations =  1.0

     total cpu time spent up to now is        6.5 secs

     total energy              =     -16.15090327 Ry
     Harris-Foulkes estimate   =     -16.15091122 Ry
     estimated scf accuracy    <       0.00001644 Ry

     iteration #  8     ecut=   110.00 Ry     beta=0.50
     Davidson diagonalization with overlap
     ethr =  2.01E-07,  avg # of iterations =  2.0

     total cpu time spent up to now is        7.0 secs

     End of self-consistent calculation

          k = 0.0000 0.0000 0.0000 ( 65842 PWs)   bands (ev):

   -16.9367  -9.4899  -9.3199  -9.0779

     highest occupied level (ev):    -9.0779

!    total energy              =     -16.15090531 Ry
     Harris-Foulkes estimate   =     -16.15090555 Ry
     estimated scf accuracy    <       0.00000038 Ry

     The total energy is the sum of the following terms:

     one-electron contribution =     -40.60885177 Ry
     hartree contribution      =      21.13455453 Ry
     xc contribution           =      -6.37705664 Ry
     ewald contribution        =       9.70044858 Ry

     convergence has been achieved in   8 iterations

     Forces acting on atoms (Ry/au):

     atom    1 type  1   force =     0.01311095    0.00057353    0.00635423
     atom    2 type  1   force =    -0.03760311    0.00064254    0.00930311
     atom    3 type  1   force =     0.03058632    0.04365043   -0.00505436
     atom    4 type  1   force =    -0.00394857    0.00106621   -0.01438454
     atom    5 type  2   force =    -0.00214558   -0.04593271    0.00378156

     Total force =     0.083261     Total SCF correction =     0.000435


     entering subroutine stress ...

          total   stress  (Ry/bohr**3)                   (kbar)     P=    0.77
   0.00001341   0.00000529  -0.00000421          1.97      0.78     -0.62
   0.00000529   0.00000957   0.00000029          0.78      1.41      0.04
  -0.00000421   0.00000029  -0.00000731         -0.62      0.04     -1.08


     init_run     :      2.48s CPU      2.51s WALL (       1 calls)
     electrons    :      4.04s CPU      4.11s WALL (       1 calls)
     forces       :      1.06s CPU      1.07s WALL (       1 calls)
     stress       :      1.11s CPU      1.11s WALL (       1 calls)

     Called by init_run:
     wfcinit      :      0.10s CPU      0.10s WALL (       1 calls)
     potinit      :      1.03s CPU      1.05s WALL (       1 calls)

     Called by electrons:
     c_bands      :      1.88s CPU      1.89s WALL (       8 calls)
     sum_band     :      0.43s CPU      0.44s WALL (       8 calls)
     v_of_rho     :      1.72s CPU      1.77s WALL (       9 calls)
     mix_rho      :      0.19s CPU      0.21s WALL (       8 calls)

     Called by c_bands:
     init_us_2    :      0.04s CPU      0.04s WALL (      17 calls)
     regterg      :      1.85s CPU      1.86s WALL (       8 calls)

     Called by sum_band:

     Called by *egterg:
     h_psi        :      1.90s CPU      1.91s WALL (      24 calls)
     g_psi        :      0.01s CPU      0.01s WALL (      15 calls)
     rdiaghg      :      0.00s CPU      0.00s WALL (      23 calls)

     Called by h_psi:
     add_vuspsi   :      0.00s CPU      0.00s WALL (      24 calls)

     General routines
     calbec       :      0.67s CPU      0.67s WALL (      29 calls)
     fft          :      1.66s CPU      1.74s WALL (     106 calls)
     fftw         :      1.25s CPU      1.26s WALL (     112 calls)

     Parallel routines
     fft_scatter  :      1.25s CPU      1.31s WALL (     218 calls)

     PWSCF        :     9.05s CPU         9.22s WALL


   This run was terminated on:  18: 5:52  22Sep2019            

=------------------------------------------------------------------------------=
   JOB DONE.
=------------------------------------------------------------------------------=
